Microsoft Windows [Version 10.0.19045.4780]
(c) Microsoft Corporation. All rights reserved.

Z:\>cd/

Z:\>c:

C:\>ipconfig

Windows IP Configuration


Ethernet adapter Ethernet:

   Connection-specific DNS Suffix  . : SURANAUG.com
   Link-local IPv6 Address . . . . . : fe80::3e81:3c6a:9f8e:9ff9%16
   IPv4 Address. . . . . . . . . . . : 172.16.5.228
   Subnet Mask . . . . . . . . . . . : 255.255.240.0
   Default Gateway . . . . . . . . . : 172.16.1.1

Wireless LAN adapter Local Area Connection* 9:

   Media State . . . . . . . . . . . : Media disconnected
   Connection-specific DNS Suffix  . :

Wireless LAN adapter Local Area Connection* 10:

   Media State . . . . . . . . . . . : Media disconnected
   Connection-specific DNS Suffix  . :

Wireless LAN adapter Wi-Fi:

   Media State . . . . . . . . . . . : Media disconnected
   Connection-specific DNS Suffix  . : mshome.net

C:\>netstat

Active Connections

  Proto  Local Address          Foreign Address        State
  TCP    172.16.5.228:7680      LAB2-47:54064          TIME_WAIT
  TCP    172.16.5.228:20080     administrator95:56565  ESTABLISHED
  TCP    172.16.5.228:20080     administrator95:56567  ESTABLISHED
  TCP    172.16.5.228:20080     administrator95:56568  ESTABLISHED
  TCP    172.16.5.228:20080     administrator95:56570  ESTABLISHED
  TCP    172.16.5.228:20080     administrator95:56581  ESTABLISHED
  TCP    172.16.5.228:20080     administrator95:56589  ESTABLISHED
  TCP    172.16.5.228:20080     administrator95:56591  ESTABLISHED
  TCP    172.16.5.228:20080     administrator95:56593  ESTABLISHED
  TCP    172.16.5.228:20080     administrator95:56597  ESTABLISHED
  TCP    172.16.5.228:20080     administrator95:56599  ESTABLISHED
  TCP    172.16.5.228:20080     administrator95:56601  ESTABLISHED
  TCP    172.16.5.228:20080     administrator95:56603  ESTABLISHED
  TCP    172.16.5.228:20080     administrator95:56605  ESTABLISHED
  TCP    172.16.5.228:20080     administrator95:56607  ESTABLISHED
  TCP    172.16.5.228:20080     administrator95:56609  ESTABLISHED
  TCP    172.16.5.228:20080     administrator95:56611  ESTABLISHED
  TCP    172.16.5.228:20080     administrator95:56613  ESTABLISHED
  TCP    172.16.5.228:20080     administrator95:56615  ESTABLISHED
  TCP    172.16.5.228:20080     administrator95:56617  ESTABLISHED
  TCP    172.16.5.228:20080     administrator95:56619  ESTABLISHED
  TCP    172.16.5.228:20080     administrator95:56621  ESTABLISHED
  TCP    172.16.5.228:20080     administrator95:56632  ESTABLISHED
  TCP    172.16.5.228:20080     administrator95:56634  ESTABLISHED
  TCP    172.16.5.228:20080     administrator95:56636  ESTABLISHED
  TCP    172.16.5.228:54041     static:https           CLOSE_WAIT
  TCP    172.16.5.228:54688     static:https           CLOSE_WAIT
  TCP    172.16.5.228:55437     lb-140-82-112-22-iad:https  CLOSE_WAIT
  TCP    172.16.5.228:56492     SURANASRV:7070         TIME_WAIT
  TCP    172.16.5.228:56499     SURANASRV:7070         TIME_WAIT
  TCP    172.16.5.228:56501     relay-058f44e1:https   ESTABLISHED
  TCP    172.16.5.228:56505     52.167.160.43:https    TIME_WAIT
  TCP    172.16.5.228:56507     52.158.227.125:https   TIME_WAIT
  TCP    172.16.5.228:56509     52.158.227.125:https   FIN_WAIT_1
  TCP    172.16.5.228:56511     52.229.52.30:https     ESTABLISHED
  TCP    172.16.5.228:56512     52.158.227.125:https   TIME_WAIT
  TCP    172.16.5.228:56514     SURANASRV:7070         TIME_WAIT
  TCP    172.16.5.228:56517     20.198.119.143:https   ESTABLISHED
  TCP    172.16.5.228:56522     SURANASRV:microsoft-ds  ESTABLISHED
  TCP    172.16.5.228:56523     SURANASRV:microsoft-ds  ESTABLISHED
  TCP    172.16.5.228:56524     SURANASRV:epmap        TIME_WAIT
  TCP    172.16.5.228:56525     SURANASRV:49668        TIME_WAIT
  TCP    172.16.5.228:56529     SURANASRV:49682        TIME_WAIT
  TCP    172.16.5.228:56532     SURANASRV:microsoft-ds  ESTABLISHED
  TCP    172.16.5.228:56537     broadband:https        ESTABLISHED
  TCP    172.16.5.228:56538     broadband:https        ESTABLISHED
  TCP    172.16.5.228:56539     117.18.232.200:https   CLOSE_WAIT
  TCP    172.16.5.228:56541     204.79.197.222:https   ESTABLISHED
  TCP    172.16.5.228:56542     52.136.141.154:https   ESTABLISHED
  TCP    172.16.5.228:56544     13.107.6.254:https     ESTABLISHED
  TCP    172.16.5.228:56545     52.175.245.232:https   ESTABLISHED
  TCP    172.16.5.228:56546     maa03s35-in-f3:https   TIME_WAIT
  TCP    172.16.5.228:56548     20.198.167.116:https   ESTABLISHED
  TCP    172.16.5.228:56549     52.109.56.130:https    ESTABLISHED
  TCP    172.16.5.228:56551     broadband:https        CLOSE_WAIT
  TCP    172.16.5.228:56565     13.107.21.239:https    ESTABLISHED
  TCP    172.16.5.228:56567     13.107.21.239:https    ESTABLISHED
  TCP    172.16.5.228:56568     13.107.21.239:https    ESTABLISHED
  TCP    172.16.5.228:56569     13.107.21.239:https    ESTABLISHED
  TCP    172.16.5.228:56570     broadband:https        ESTABLISHED
  TCP    172.16.5.228:56571     13.107.21.239:https    ESTABLISHED
  TCP    172.16.5.228:56572     broadband:https        ESTABLISHED
  TCP    172.16.5.228:56578     52.109.56.130:https    ESTABLISHED
  TCP    172.16.5.228:56579     a23-57-34-117:https    ESTABLISHED
  TCP    172.16.5.228:56580     52.108.8.254:https     ESTABLISHED
  TCP    172.16.5.228:56581     a-0003:https           ESTABLISHED
  TCP    172.16.5.228:56582     a-0003:https           ESTABLISHED
  TCP    172.16.5.228:56583     152.199.40.78:https    TIME_WAIT
  TCP    172.16.5.228:56586     152.199.40.78:https    TIME_WAIT
  TCP    172.16.5.228:56587     13.107.4.254:https     ESTABLISHED
  TCP    172.16.5.228:56588     13.107.237.254:https   ESTABLISHED
  TCP    172.16.5.228:56589     13.107.21.237:https    ESTABLISHED
  TCP    172.16.5.228:56590     13.107.21.237:https    ESTABLISHED
  TCP    172.16.5.228:56591     a69-192-1-51:https     ESTABLISHED
  TCP    172.16.5.228:56592     a69-192-1-51:https     ESTABLISHED
  TCP    172.16.5.228:56593     a69-192-1-51:https     ESTABLISHED
  TCP    172.16.5.228:56594     a69-192-1-51:https     ESTABLISHED
  TCP    172.16.5.228:56597     broadband:https        ESTABLISHED
  TCP    172.16.5.228:56598     broadband:https        CLOSE_WAIT
  TCP    172.16.5.228:56599     a-0003:https           ESTABLISHED
  TCP    172.16.5.228:56600     a-0003:https           ESTABLISHED
  TCP    172.16.5.228:56601     broadband:https        ESTABLISHED
  TCP    172.16.5.228:56602     broadband:https        CLOSE_WAIT
  TCP    172.16.5.228:56603     server-18-161-216-101:https  ESTABLISHED
  TCP    172.16.5.228:56604     server-18-161-216-101:https  CLOSE_WAIT
  TCP    172.16.5.228:56605     a23-62-12-35:https     ESTABLISHED
  TCP    172.16.5.228:56606     a23-62-12-35:https     CLOSE_WAIT
  TCP    172.16.5.228:56607     a69-192-1-51:https     ESTABLISHED
  TCP    172.16.5.228:56608     a69-192-1-51:https     CLOSE_WAIT
  TCP    172.16.5.228:56609     a-0003:https           ESTABLISHED
  TCP    172.16.5.228:56610     a-0003:https           ESTABLISHED
  TCP    172.16.5.228:56611     broadband:https        ESTABLISHED
  TCP    172.16.5.228:56612     broadband:https        ESTABLISHED
  TCP    172.16.5.228:56613     broadband:https        ESTABLISHED
  TCP    172.16.5.228:56614     broadband:https        ESTABLISHED
  TCP    172.16.5.228:56615     broadband:https        ESTABLISHED
  TCP    172.16.5.228:56616     broadband:https        ESTABLISHED
  TCP    172.16.5.228:56617     204.79.197.237:https   ESTABLISHED
  TCP    172.16.5.228:56618     204.79.197.237:https   ESTABLISHED
  TCP    172.16.5.228:56619     13.107.246.58:https    ESTABLISHED
  TCP    172.16.5.228:56620     13.107.246.58:https    CLOSE_WAIT
  TCP    172.16.5.228:56621     13.107.246.58:https    ESTABLISHED
  TCP    172.16.5.228:56622     13.107.246.58:https    ESTABLISHED
  TCP    172.16.5.228:56624     ADMISSION-SUKSH:ms-do  TIME_WAIT
  TCP    172.16.5.228:56631     https-103-53-14-128:http  ESTABLISHED
  TCP    172.16.5.228:56632     13.107.21.239:https    ESTABLISHED
  TCP    172.16.5.228:56633     13.107.21.239:https    ESTABLISHED
  TCP    172.16.5.228:56634     13.107.246.58:https    ESTABLISHED
  TCP    172.16.5.228:56635     13.107.246.58:https    CLOSE_WAIT
  TCP    172.16.5.228:56636     13.107.246.58:https    ESTABLISHED
  TCP    172.16.5.228:56637     13.107.246.58:https    ESTABLISHED
  TCP    172.16.5.228:56638     https-103-53-14-128:http  ESTABLISHED
  TCP    172.16.5.228:56642     SURANASRV:epmap        ESTABLISHED
  TCP    172.16.5.228:56643     SURANASRV:49682        ESTABLISHED
  TCP    172.16.5.228:56644     https-103-53-14-128:http  ESTABLISHED

C:\>
C:\>
C:\>
C:\>netstattracert
'netstattracert' is not recognized as an internal or external command,
operable program or batch file.

C:\>tracert

Usage: tracert [-d] [-h maximum_hops] [-j host-list] [-w timeout]
               [-R] [-S srcaddr] [-4] [-6] target_name

Options:
    -d                 Do not resolve addresses to hostnames.
    -h maximum_hops    Maximum number of hops to search for target.
    -j host-list       Loose source route along host-list (IPv4-only).
    -w timeout         Wait timeout milliseconds for each reply.
    -R                 Trace round-trip path (IPv6-only).
    -S srcaddr         Source address to use (IPv6-only).
    -4                 Force using IPv4.
    -6                 Force using IPv6.

C:\>netstat

Active Connections

  Proto  Local Address          Foreign Address        State
  TCP    127.0.0.1:56778        administrator95:56799  CLOSE_WAIT
  TCP    127.0.0.1:56799        administrator95:56778  FIN_WAIT_2
  TCP    127.0.0.1:56801        administrator95:56800  TIME_WAIT
  TCP    172.16.5.228:7680      nawaz-office:56611     TIME_WAIT
  TCP    172.16.5.228:7680      KANNADA-GEG:52980      TIME_WAIT
  TCP    172.16.5.228:20080     administrator95:56565  ESTABLISHED
  TCP    172.16.5.228:20080     administrator95:56570  ESTABLISHED
  TCP    172.16.5.228:20080     administrator95:56581  ESTABLISHED
  TCP    172.16.5.228:20080     administrator95:56591  ESTABLISHED
  TCP    172.16.5.228:20080     administrator95:56593  ESTABLISHED
  TCP    172.16.5.228:20080     administrator95:56611  ESTABLISHED
  TCP    172.16.5.228:20080     administrator95:56613  ESTABLISHED
  TCP    172.16.5.228:20080     administrator95:56615  ESTABLISHED
  TCP    172.16.5.228:20080     administrator95:56617  ESTABLISHED
  TCP    172.16.5.228:20080     administrator95:56621  ESTABLISHED
  TCP    172.16.5.228:20080     administrator95:56636  ESTABLISHED
  TCP    172.16.5.228:20080     administrator95:56704  ESTABLISHED
  TCP    172.16.5.228:20080     administrator95:56713  ESTABLISHED
  TCP    172.16.5.228:20080     administrator95:56715  ESTABLISHED
  TCP    172.16.5.228:20080     administrator95:56719  ESTABLISHED
  TCP    172.16.5.228:20080     administrator95:56723  ESTABLISHED
  TCP    172.16.5.228:20080     administrator95:56725  ESTABLISHED
  TCP    172.16.5.228:20080     administrator95:56733  ESTABLISHED
  TCP    172.16.5.228:20080     administrator95:56735  ESTABLISHED
  TCP    172.16.5.228:20080     administrator95:56738  ESTABLISHED
  TCP    172.16.5.228:20080     administrator95:56740  ESTABLISHED
  TCP    172.16.5.228:20080     administrator95:56742  ESTABLISHED
  TCP    172.16.5.228:20080     administrator95:56744  ESTABLISHED
  TCP    172.16.5.228:20080     administrator95:56746  ESTABLISHED
  TCP    172.16.5.228:20080     administrator95:56748  ESTABLISHED
  TCP    172.16.5.228:20080     administrator95:56750  ESTABLISHED
  TCP    172.16.5.228:20080     administrator95:56752  ESTABLISHED
  TCP    172.16.5.228:20080     administrator95:56754  ESTABLISHED
  TCP    172.16.5.228:20080     administrator95:56762  ESTABLISHED
  TCP    172.16.5.228:20080     administrator95:56766  ESTABLISHED
  TCP    172.16.5.228:20080     administrator95:56768  ESTABLISHED
  TCP    172.16.5.228:20080     administrator95:56770  ESTABLISHED
  TCP    172.16.5.228:20080     administrator95:56772  ESTABLISHED
  TCP    172.16.5.228:20080     administrator95:56776  ESTABLISHED
  TCP    172.16.5.228:54041     static:https           CLOSE_WAIT
  TCP    172.16.5.228:54688     static:https           CLOSE_WAIT
  TCP    172.16.5.228:55437     lb-140-82-112-22-iad:https  CLOSE_WAIT
  TCP    172.16.5.228:56501     relay-058f44e1:https   ESTABLISHED
  TCP    172.16.5.228:56517     20.198.119.143:https   ESTABLISHED
  TCP    172.16.5.228:56522     SURANASRV:microsoft-ds  ESTABLISHED
  TCP    172.16.5.228:56544     13.107.6.254:https     ESTABLISHED
  TCP    172.16.5.228:56551     broadband:https        CLOSE_WAIT
  TCP    172.16.5.228:56565     13.107.21.239:https    ESTABLISHED
  TCP    172.16.5.228:56570     broadband:https        ESTABLISHED
  TCP    172.16.5.228:56572     broadband:https        ESTABLISHED
  TCP    172.16.5.228:56581     a-0003:https           ESTABLISHED
  TCP    172.16.5.228:56588     13.107.237.254:https   ESTABLISHED
  TCP    172.16.5.228:56591     a69-192-1-51:https     ESTABLISHED
  TCP    172.16.5.228:56592     a69-192-1-51:https     ESTABLISHED
  TCP    172.16.5.228:56593     a69-192-1-51:https     ESTABLISHED
  TCP    172.16.5.228:56594     a69-192-1-51:https     ESTABLISHED
  TCP    172.16.5.228:56611     broadband:https        ESTABLISHED
  TCP    172.16.5.228:56612     broadband:https        ESTABLISHED
  TCP    172.16.5.228:56613     broadband:https        ESTABLISHED
  TCP    172.16.5.228:56615     broadband:https        ESTABLISHED
  TCP    172.16.5.228:56616     broadband:https        ESTABLISHED
  TCP    172.16.5.228:56617     204.79.197.237:https   ESTABLISHED
  TCP    172.16.5.228:56621     13.107.246.58:https    ESTABLISHED
  TCP    172.16.5.228:56622     13.107.246.58:https    CLOSE_WAIT
  TCP    172.16.5.228:56636     13.107.246.58:https    ESTABLISHED
  TCP    172.16.5.228:56637     13.107.246.58:https    CLOSE_WAIT
  TCP    172.16.5.228:56652     broadband:https        CLOSE_WAIT
  TCP    172.16.5.228:56665     117.18.232.200:https   CLOSE_WAIT
  TCP    172.16.5.228:56671     13.69.239.73:https     ESTABLISHED
  TCP    172.16.5.228:56684     204.79.197.222:https   ESTABLISHED
  TCP    172.16.5.228:56689     20.207.70.99:https     ESTABLISHED
  TCP    172.16.5.228:56704     13.107.21.239:https    ESTABLISHED
  TCP    172.16.5.228:56713     13.107.42.16:https     ESTABLISHED
  TCP    172.16.5.228:56715     20.207.73.82:https     ESTABLISHED
  TCP    172.16.5.228:56716     20.207.73.82:https     CLOSE_WAIT
  TCP    172.16.5.228:56719     13.107.21.239:https    ESTABLISHED
  TCP    172.16.5.228:56723     40.119.213.159:https   ESTABLISHED
  TCP    172.16.5.228:56724     40.119.213.159:https   CLOSE_WAIT
  TCP    172.16.5.228:56725     cdn-185-199-108-154:https  ESTABLISHED
  TCP    172.16.5.228:56726     cdn-185-199-108-154:https  ESTABLISHED
  TCP    172.16.5.228:56732     cdn-185-199-111-133:https  CLOSE_WAIT
  TCP    172.16.5.228:56733     cdn-185-199-111-133:https  ESTABLISHED
  TCP    172.16.5.228:56734     cdn-185-199-111-133:https  ESTABLISHED
  TCP    172.16.5.228:56735     cdn-185-199-108-154:https  ESTABLISHED
  TCP    172.16.5.228:56736     cdn-185-199-108-154:https  ESTABLISHED
  TCP    172.16.5.228:56738     cdn-185-199-109-133:https  ESTABLISHED
  TCP    172.16.5.228:56739     cdn-185-199-109-133:https  ESTABLISHED
  TCP    172.16.5.228:56740     cdn-185-199-111-133:https  ESTABLISHED
  TCP    172.16.5.228:56741     cdn-185-199-111-133:https  ESTABLISHED
  TCP    172.16.5.228:56742     20.207.73.82:https     ESTABLISHED
  TCP    172.16.5.228:56743     20.207.73.82:https     CLOSE_WAIT
  TCP    172.16.5.228:56744     20.207.73.82:https     ESTABLISHED
  TCP    172.16.5.228:56745     20.207.73.82:https     CLOSE_WAIT
  TCP    172.16.5.228:56746     cdn-185-199-111-133:https  ESTABLISHED
  TCP    172.16.5.228:56747     cdn-185-199-111-133:https  ESTABLISHED
  TCP    172.16.5.228:56748     20.207.73.82:https     ESTABLISHED
  TCP    172.16.5.228:56749     20.207.73.82:https     CLOSE_WAIT
  TCP    172.16.5.228:56750     13.107.21.239:https    ESTABLISHED
  TCP    172.16.5.228:56752     cdn-185-199-111-133:https  ESTABLISHED
  TCP    172.16.5.228:56753     cdn-185-199-111-133:https  ESTABLISHED
  TCP    172.16.5.228:56754     13.107.21.239:https    ESTABLISHED
  TCP    172.16.5.228:56762     lb-140-82-112-22-iad:https  ESTABLISHED
  TCP    172.16.5.228:56763     lb-140-82-112-22-iad:https  CLOSE_WAIT
  TCP    172.16.5.228:56766     lb-140-82-112-22-iad:https  ESTABLISHED
  TCP    172.16.5.228:56767     lb-140-82-112-22-iad:https  CLOSE_WAIT
  TCP    172.16.5.228:56768     lb-140-82-112-22-iad:https  ESTABLISHED
  TCP    172.16.5.228:56769     lb-140-82-112-22-iad:https  CLOSE_WAIT
  TCP    172.16.5.228:56770     lb-140-82-114-26-iad:https  ESTABLISHED
  TCP    172.16.5.228:56771     lb-140-82-114-26-iad:https  ESTABLISHED
  TCP    172.16.5.228:56772     104.208.16.92:https    ESTABLISHED
  TCP    172.16.5.228:56773     104.208.16.92:https    ESTABLISHED
  TCP    172.16.5.228:56776     104.208.16.92:https    ESTABLISHED
  TCP    172.16.5.228:56777     104.208.16.92:https    ESTABLISHED
  TCP    172.16.5.228:56792     SURANASRV:epmap        TIME_WAIT
  TCP    172.16.5.228:56793     SURANASRV:49668        TIME_WAIT

C:\>^X^X
'↑↑' is not recognized as an internal or external command,
operable program or batch file.

C:\>^X
'↑' is not recognized as an internal or external command,
operable program or batch file.

C:\>help coclor
This command is not supported by the help utility.  Try "coclor /?".

C:\>help cocor
This command is not supported by the help utility.  Try "cocor /?".

C:\>help color
Sets the default console foreground and background colors.

COLOR [attr]

  attr        Specifies color attribute of console output

Color attributes are specified by TWO hex digits -- the first
corresponds to the background; the second the foreground.  Each digit
can be any of the following values:

    0 = Black       8 = Gray
    1 = Blue        9 = Light Blue
    2 = Green       A = Light Green
    3 = Aqua        B = Light Aqua
    4 = Red         C = Light Red
    5 = Purple      D = Light Purple
    6 = Yellow      E = Light Yellow
    7 = White       F = Bright White

If no argument is given, this command restores the color to what it was
when CMD.EXE started.  This value either comes from the current console
window, the /T command line switch or from the DefaultColor registry
value.

The COLOR command sets ERRORLEVEL to 1 if an attempt is made to execute
the COLOR command with a foreground and background color that are the
same.

Example: "COLOR fc" produces light red on bright white

C:\>color 2

C:\>tracert www.google.com

Tracing route to www.google.com [142.250.195.68]
over a maximum of 30 hops:

  1     1 ms    <1 ms    <1 ms  172.16.1.1
  2     *        *        *     Request timed out.
  3     *        *        *     Request timed out.
  4     *        *        *     Request timed out.
  5     *        *        *     Request timed out.
  6     *       75 ms    73 ms  49.205.72.39.actcorp.in [49.205.72.39]
  7     *       66 ms    66 ms  72.14.223.26
  8    66 ms    65 ms    66 ms  216.239.51.91
  9     *       64 ms    66 ms  142.251.55.73
 10    64 ms    66 ms    66 ms  maa03s38-in-f4.1e100.net [142.250.195.68]

Trace complete.

C:\>ping

Usage: ping [-t] [-a] [-n count] [-l size] [-f] [-i TTL] [-v TOS]
            [-r count] [-s count] [[-j host-list] | [-k host-list]]
            [-w timeout] [-R] [-S srcaddr] [-c compartment] [-p]
            [-4] [-6] target_name

Options:
    -t             Ping the specified host until stopped.
                   To see statistics and continue - type Control-Break;
                   To stop - type Control-C.
    -a             Resolve addresses to hostnames.
    -n count       Number of echo requests to send.
    -l size        Send buffer size.
    -f             Set Don't Fragment flag in packet (IPv4-only).
    -i TTL         Time To Live.
    -v TOS         Type Of Service (IPv4-only. This setting has been deprecated
                   and has no effect on the type of service field in the IP
                   Header).
    -r count       Record route for count hops (IPv4-only).
    -s count       Timestamp for count hops (IPv4-only).
    -j host-list   Loose source route along host-list (IPv4-only).
    -k host-list   Strict source route along host-list (IPv4-only).
    -w timeout     Timeout in milliseconds to wait for each reply.
    -R             Use routing header to test reverse route also (IPv6-only).
                   Per RFC 5095 the use of this routing header has been
                   deprecated. Some systems may drop echo requests if
                   this header is used.
    -S srcaddr     Source address to use.
    -c compartment Routing compartment identifier.
    -p             Ping a Hyper-V Network Virtualization provider address.
    -4             Force using IPv4.
    -6             Force using IPv6.


C:\>ping  www.google.com

Pinging www.google.com [142.250.195.68] with 32 bytes of data:
Reply from 142.250.195.68: bytes=32 time=63ms TTL=56
Reply from 142.250.195.68: bytes=32 time=64ms TTL=56
Reply from 142.250.195.68: bytes=32 time=67ms TTL=56
Reply from 142.250.195.68: bytes=32 time=69ms TTL=56

Ping statistics for 142.250.195.68:
    Packets: Sent = 4, Received = 4, Lost = 0 (0% loss),
Approximate round trip times in milli-seconds:
    Minimum = 63ms, Maximum = 69ms, Average = 65ms

C:\>arp-a
'arp-a' is not recognized as an internal or external command,
operable program or batch file.

C:\>arp -a

Interface: 172.16.5.228 --- 0x10
  Internet Address      Physical Address      Type
  172.16.1.1            c8-4f-86-02-4e-b0     dynamic
  172.16.1.2            d4-f5-ef-79-0c-55     dynamic
  172.16.1.82           50-91-e3-04-aa-91     dynamic
  172.16.1.83           50-91-e3-04-8d-a5     dynamic
  172.16.1.110          4c-cc-6a-15-52-98     dynamic
  172.16.1.112          6c-4b-90-04-d7-d5     dynamic
  172.16.1.114          84-a9-3e-91-4e-e7     dynamic
  172.16.1.115          c4-65-16-1d-57-67     dynamic
  172.16.1.126          6c-4b-90-04-d8-7d     dynamic
  172.16.1.127          4c-cc-6a-15-4e-9e     dynamic
  172.16.1.138          c4-65-16-1d-58-3b     dynamic
  172.16.1.145          c4-65-16-1d-57-5a     dynamic
  172.16.1.156          8c-ec-4b-7c-ac-02     dynamic
  172.16.1.160          c4-65-16-1d-57-65     dynamic
  172.16.1.172          00-23-24-f7-c5-f3     dynamic
  172.16.1.174          c4-65-16-18-13-62     dynamic
  172.16.1.179          84-a9-3e-87-3f-f9     dynamic
  172.16.1.184          6c-4b-90-04-de-37     dynamic
  172.16.1.190          8c-ec-4b-7c-ac-13     dynamic
  172.16.1.192          80-ce-62-f2-1e-a1     dynamic
  172.16.1.194          c4-65-16-1d-57-8b     dynamic
  172.16.1.195          8c-ec-4b-79-78-50     dynamic
  172.16.1.196          c4-65-16-1d-57-60     dynamic
  172.16.1.199          c4-65-16-1d-57-fb     dynamic
  172.16.1.210          c4-65-16-1d-57-6c     dynamic
  172.16.1.223          84-a9-3e-87-3b-4e     dynamic
  172.16.1.247          6c-4b-90-4a-cf-dc     dynamic
  172.16.1.255          00-23-24-f7-bd-7f     dynamic
  172.16.3.102          80-ce-62-f2-07-80     dynamic
  172.16.3.115          00-23-24-f7-bd-4f     dynamic
  172.16.3.120          10-62-e5-0f-32-09     dynamic
  172.16.3.132          84-a9-3e-87-90-18     dynamic
  172.16.3.133          84-a9-3e-91-53-e9     dynamic
  172.16.3.139          6c-02-e0-6e-b3-75     dynamic
  172.16.3.140          6c-02-e0-6e-b2-1a     dynamic
  172.16.3.142          c4-65-16-19-4d-61     dynamic
  172.16.3.143          00-23-24-f7-98-e0     dynamic
  172.16.3.151          10-62-e5-0f-34-13     dynamic
  172.16.3.153          c4-65-16-1d-57-b8     dynamic
  172.16.3.160          00-23-24-f7-98-7e     dynamic
  172.16.3.163          4c-cc-6a-15-71-3f     dynamic
  172.16.3.167          00-23-24-f1-a0-37     dynamic
  172.16.3.169          4c-cc-6a-15-52-8e     dynamic
  172.16.3.193          00-68-eb-9b-dc-98     dynamic
  172.16.3.206          10-62-e5-10-0a-7b     dynamic
  172.16.3.211          00-23-24-f7-98-74     dynamic
  172.16.3.213          84-a9-3e-87-40-84     dynamic
  172.16.4.1            84-a9-3e-91-55-06     dynamic
  172.16.4.7            6c-4b-90-4a-d0-28     dynamic
  172.16.4.11           a4-1f-72-78-cb-e4     dynamic
  172.16.4.19           4c-cc-6a-15-52-25     dynamic
  172.16.4.34           84-a9-3e-87-90-eb     dynamic
  172.16.4.55           10-62-e5-0f-31-e1     dynamic
  172.16.4.62           4c-cc-6a-15-4f-d7     dynamic
  172.16.4.88           6c-4b-90-2a-cc-a7     dynamic
  172.16.4.152          1c-83-41-02-28-17     dynamic
  172.16.4.161          c4-65-16-1d-57-9c     dynamic
  172.16.4.214          c4-65-16-1d-57-ff     dynamic
  172.16.4.240          c4-65-16-1d-57-df     dynamic
  172.16.5.109          00-68-eb-9b-dc-ba     dynamic
  172.16.5.119          7c-57-58-ca-6e-72     dynamic
  172.16.5.176          18-47-3d-04-fa-91     dynamic
  172.16.5.227          7c-57-58-ca-6e-8b     dynamic
  172.16.5.229          64-4e-d7-6a-c0-ec     dynamic
  172.16.5.230          64-4e-d7-6a-bc-2d     dynamic
  172.16.6.4            50-91-e3-04-a8-a1     dynamic
  172.16.6.210          f8-0d-ac-7f-fb-c2     dynamic
  172.16.15.255         ff-ff-ff-ff-ff-ff     static
  224.0.0.2             01-00-5e-00-00-02     static
  224.0.0.22            01-00-5e-00-00-16     static
  224.0.0.251           01-00-5e-00-00-fb     static
  224.0.0.252           01-00-5e-00-00-fc     static
  239.255.102.18        01-00-5e-7f-66-12     static
  239.255.255.250       01-00-5e-7f-ff-fa     static
  255.255.255.255       ff-ff-ff-ff-ff-ff     static

C:\>hostname
administrator95

C:\>nslookup
Default Server:  SURANASRV.SURANAUG.com
Address:  172.16.1.2

> pathping
Server:  SURANASRV.SURANAUG.com
Address:  172.16.1.2

*** SURANASRV.SURANAUG.com can't find pathping: Non-existent domain
> ^X
Unrecognized command: ↑
> ^Z

C:\>ipconfig/all

Windows IP Configuration

   Host Name . . . . . . . . . . . . : administrator95
   Primary Dns Suffix  . . . . . . . : SURANAUG.com
   Node Type . . . . . . . . . . . . : Mixed
   IP Routing Enabled. . . . . . . . : No
   WINS Proxy Enabled. . . . . . . . : No
   DNS Suffix Search List. . . . . . : SURANAUG.com

Ethernet adapter Ethernet:

   Connection-specific DNS Suffix  . : SURANAUG.com
   Description . . . . . . . . . . . : Realtek PCIe GbE Family Controller
   Physical Address. . . . . . . . . : 7C-57-58-CA-6E-9B
   DHCP Enabled. . . . . . . . . . . : Yes
   Autoconfiguration Enabled . . . . : Yes
   Link-local IPv6 Address . . . . . : fe80::3e81:3c6a:9f8e:9ff9%16(Preferred)
   IPv4 Address. . . . . . . . . . . : 172.16.5.228(Preferred)
   Subnet Mask . . . . . . . . . . . : 255.255.240.0
   Lease Obtained. . . . . . . . . . : Tuesday, September 3, 2024 8:33:55 AM
   Lease Expires . . . . . . . . . . : Wednesday, September 3, 2025 8:33:55 AM
   Default Gateway . . . . . . . . . : 172.16.1.1
   DHCP Server . . . . . . . . . . . : 172.16.1.2
   DHCPv6 IAID . . . . . . . . . . . : 494688088
   DHCPv6 Client DUID. . . . . . . . : 00-01-00-01-2E-36-1B-5C-7C-57-58-CA-6E-9B
   DNS Servers . . . . . . . . . . . : 172.16.1.2
                                       202.83.21.2
                                       202.83.21.12
   NetBIOS over Tcpip. . . . . . . . : Enabled

Wireless LAN adapter Local Area Connection* 9:

   Media State . . . . . . . . . . . : Media disconnected
   Connection-specific DNS Suffix  . :
   Description . . . . . . . . . . . : Microsoft Wi-Fi Direct Virtual Adapter
   Physical Address. . . . . . . . . : 62-E9-AA-00-E3-6D
   DHCP Enabled. . . . . . . . . . . : Yes
   Autoconfiguration Enabled . . . . : Yes

Wireless LAN adapter Local Area Connection* 10:

   Media State . . . . . . . . . . . : Media disconnected
   Connection-specific DNS Suffix  . :
   Description . . . . . . . . . . . : Microsoft Wi-Fi Direct Virtual Adapter #2
   Physical Address. . . . . . . . . : E2-E9-AA-00-E3-6D
   DHCP Enabled. . . . . . . . . . . : Yes
   Autoconfiguration Enabled . . . . : Yes

Wireless LAN adapter Wi-Fi:

   Media State . . . . . . . . . . . : Media disconnected
   Connection-specific DNS Suffix  . : mshome.net
   Description . . . . . . . . . . . : Realtek RTL8821CE 802.11ac PCIe Adapter
   Physical Address. . . . . . . . . : 60-E9-AA-00-E3-6D
   DHCP Enabled. . . . . . . . . . . : Yes
   Autoconfiguration Enabled . . . . : Yes

C:\>